<?xml version="1.0" encoding="UTF-8"?>
<program language="IPPcode23"><instruction order="1" opcode="LABEL"><arg1 type="label">loop</arg1></instruction><instruction order="2" opcode="ADD"><arg1 type="var">GF@result</arg1><arg2 type="int">1</arg2><arg3 type="int">1</arg3></instruction><instruction order="3" opcode="JUMP"><arg1 type="label">loop</arg1></instruction><instruction order="4" opcode="JUMP"><arg1 type="label">non_existant_label_1</arg1></instruction><instruction order="5" opcode="JUMP"><arg1 type="label">non_existant_label_2</arg1></instruction></program>
