<?xml version="1.0" encoding="UTF-8"?>
<program language="IPPcode23"><instruction order="1" opcode="LABEL"><arg1 type="label">start</arg1></instruction><instruction order="2" opcode="PUSHS"><arg1 type="int">5</arg1></instruction><instruction order="3" opcode="PUSHS"><arg1 type="int">10</arg1></instruction><instruction order="4" opcode="DEFVAR"><arg1 type="var">GF@kek</arg1></instruction><instruction order="5" opcode="DEFVAR"><arg1 type="var">GF@lol</arg1></instruction><instruction order="6" opcode="DEFVAR"><arg1 type="var">GF@result</arg1></instruction><instruction order="7" opcode="POPS"><arg1 type="var">GF@lol</arg1></instruction><instruction order="8" opcode="POPS"><arg1 type="var">GF@kek</arg1></instruction><instruction order="9" opcode="ADD"><arg1 type="var">GF@result</arg1><arg2 type="var">GF@kek</arg2><arg3 type="var">GF@lol</arg3></instruction><instruction order="10" opcode="PUSHS"><arg1 type="var">GF@result</arg1></instruction><instruction order="11" opcode="JUMPIFEQ"><arg1 type="label">label1</arg1><arg2 type="var">GF@result</arg2><arg3 type="int">15</arg3></instruction><instruction order="12" opcode="JUMPIFNEQ"><arg1 type="label">badjump1</arg1><arg2 type="var">GF@result</arg2><arg3 type="int">15</arg3></instruction><instruction order="13" opcode="LABEL"><arg1 type="label">label1</arg1></instruction><instruction order="14" opcode="POPS"><arg1 type="var">GF@kek</arg1></instruction><instruction order="15" opcode="MOVE"><arg1 type="var">GF@lol</arg1><arg2 type="int">3</arg2></instruction><instruction order="16" opcode="SUB"><arg1 type="var">GF@result</arg1><arg2 type="var">GF@kek</arg2><arg3 type="var">GF@lol</arg3></instruction><instruction order="17" opcode="JUMPIFEQ"><arg1 type="label">label2</arg1><arg2 type="var">GF@result</arg2><arg3 type="int">12</arg3></instruction><instruction order="18" opcode="JUMPIFNEQ"><arg1 type="label">badjump2</arg1><arg2 type="var">GF@result</arg2><arg3 type="int">12</arg3></instruction><instruction order="19" opcode="LABEL"><arg1 type="label">label3</arg1></instruction><instruction order="20" opcode="MOVE"><arg1 type="var">GF@kek</arg1><arg2 type="int">2</arg2></instruction><instruction order="21" opcode="MOVE"><arg1 type="var">GF@lol</arg1><arg2 type="int">3</arg2></instruction><instruction order="22" opcode="MUL"><arg1 type="var">GF@result</arg1><arg2 type="var">GF@kek</arg2><arg3 type="var">GF@lol</arg3></instruction><instruction order="23" opcode="JUMPIFEQ"><arg1 type="label">end</arg1><arg2 type="var">GF@result</arg2><arg3 type="int">6</arg3></instruction><instruction order="24" opcode="JUMPIFNEQ"><arg1 type="label">badjump3</arg1><arg2 type="var">GF@result</arg2><arg3 type="int">6</arg3></instruction><instruction order="25" opcode="JUMP"><arg1 type="label">end</arg1></instruction><instruction order="26" opcode="JUMP"><arg1 type="label">start</arg1></instruction><instruction order="27" opcode="JUMP"><arg1 type="label">start</arg1></instruction><instruction order="28" opcode="JUMP"><arg1 type="label">start</arg1></instruction><instruction order="29" opcode="JUMP"><arg1 type="label">start</arg1></instruction><instruction order="30" opcode="LABEL"><arg1 type="label">label2</arg1></instruction><instruction order="31" opcode="MOVE"><arg1 type="var">GF@lol</arg1><arg2 type="int">12</arg2></instruction><instruction order="32" opcode="MOVE"><arg1 type="var">GF@kek</arg1><arg2 type="int">4</arg2></instruction><instruction order="33" opcode="IDIV"><arg1 type="var">GF@result</arg1><arg2 type="var">GF@lol</arg2><arg3 type="var">GF@kek</arg3></instruction><instruction order="34" opcode="JUMPIFEQ"><arg1 type="label">label3</arg1><arg2 type="var">GF@result</arg2><arg3 type="int">3</arg3></instruction><instruction order="35" opcode="JUMPIFNEQ"><arg1 type="label">badjump4</arg1><arg2 type="var">GF@result</arg2><arg3 type="int">3</arg3></instruction><instruction order="36" opcode="LABEL"><arg1 type="label">end</arg1></instruction><instruction order="37" opcode="WRITE"><arg1 type="string">Program\010finished\010successfully</arg1></instruction><instruction order="38" opcode="EXIT"><arg1 type="int">0</arg1></instruction></program>
