<?xml version="1.0" encoding="UTF-8"?>
<program language="IPPcode23">
	<instruction order="1" opcode="DEFVAR">
		<arg1 type="var">GF@a</arg1>
	</instruction>
	<instruction order="2" opcode="DEFVAR">
		<arg1 type="var">GF@b</arg1>
	</instruction>
	<instruction order="3" opcode="READ">
		<arg1 type="var">GF@a</arg1>
		<arg2 type="type">int</arg2>
	</instruction>
	<instruction order="4" opcode="PUSHS">
		<arg1 type="var">GF@a</arg1>
	</instruction>
	<instruction order="5" opcode="DEFVAR">
		<arg1 type="var">GF@negative_one</arg1>
	</instruction>
	<instruction order="6" opcode="MOVE">
		<arg1 type="var">GF@negative_one</arg1>
		<arg2 type="int">-1</arg2>
	</instruction>
	<instruction order="7" opcode="POPS">
		<arg1 type="var">GF@a</arg1>
	</instruction>
	<instruction order="8" opcode="MUL">
		<arg1 type="var">GF@b</arg1>
		<arg2 type="var">GF@a</arg2>
		<arg3 type="var">GF@negative_one</arg3>
	</instruction>
	<instruction order="9" opcode="WRITE">
		<arg1 type="var">GF@b</arg1>
	</instruction>
</program>