<?xml version="1.0" encoding="UTF-8"?>
<program language="IPPcode23"><instruction order="1" opcode="CREATEFRAME"/><instruction order="2" opcode="DEFVAR"><arg1 type="var">GF@x</arg1></instruction><instruction order="3" opcode="DEFVAR"><arg1 type="var">GF@y</arg1></instruction><instruction order="4" opcode="DEFVAR"><arg1 type="var">TF@tmp</arg1></instruction><instruction order="5" opcode="MOVE"><arg1 type="var">GF@x</arg1><arg2 type="int">5</arg2></instruction><instruction order="6" opcode="MOVE"><arg1 type="var">GF@y</arg1><arg2 type="int">2</arg2></instruction><instruction order="7" opcode="ADD"><arg1 type="var">TF@tmp</arg1><arg2 type="var">GF@x</arg2><arg3 type="var">GF@y</arg3></instruction><instruction order="8" opcode="POPS"><arg1 type="var">GF@x</arg1></instruction><instruction order="9" opcode="JUMP"><arg1 type="label">label</arg1></instruction><instruction order="10" opcode="LABEL"><arg1 type="label">label</arg1></instruction><instruction order="11" opcode="WRITE"><arg1 type="var">GF@x</arg1></instruction><instruction order="12" opcode="EXIT"><arg1 type="int">0</arg1></instruction></program>
